
---
# Source: my-cool-app/templates/microservice.yaml.tpl
apiVersion: external-secrets.io/v1beta1
kind: ClusterExternalSecret
metadata:
  name: mycooldb
  annotations:
    helm.sh/hook: pre-install,pre-upgrade
    helm.sh/hook-delete-policy: before-hook-creation
    helm.sh/hook-weight: "-2"
spec:
  namespaceSelector:
    matchLabels:
      kubernetes.io/metadata.name: mycoolservice
  refreshTime: 1m

  externalSecretSpec:
    refreshInterval: 1h
    secretStoreRef:
      name: aws-store
      kind: ClusterSecretStore
    target:
      name: mycooldb
      creationPolicy: Owner
    data:
    - secretKey: username
      remoteRef:
        conversionStrategy: Default
        decodingStrategy: None
        key: rds!cluster-1a123b45-6c78-901d-e234-f5678901a23b
        property: username
    - secretKey: password
      remoteRef:
        conversionStrategy: Default
        decodingStrategy: None
        key: rds!cluster-1a123b45-6c78-901d-e234-f5678901a23b
        property: password
---
# Source: my-cool-app/templates/microservice.yaml.tpl
apiVersion: external-secrets.io/v1beta1
kind: ClusterExternalSecret
metadata:
  name: mycoolservice
  annotations:
    helm.sh/hook: pre-install,pre-upgrade
    helm.sh/hook-delete-policy: before-hook-creation
    helm.sh/hook-weight: "-2"
spec:
  namespaceSelector:
    matchLabels:
      kubernetes.io/metadata.name: mycoolservice
  refreshTime: 1m

  externalSecretSpec:
    refreshInterval: 1h
    secretStoreRef:
      name: aws-store
      kind: ClusterSecretStore
    target:
      name: mycoolservice
      creationPolicy: Owner
    data:
    - secretKey: MY_COOL_SECRET_1
      remoteRef:
        conversionStrategy: Default
        decodingStrategy: None
        key: mycoolservice
        property: MY_COOL_SECRET_1
    - secretKey: MY_COOL_SECRET_2
      remoteRef:
        conversionStrategy: Default
        decodingStrategy: None
        key: mycoolservice
        property: MY_COOL_SECRET_2
    - secretKey: MY_COOL_SECRET_3
      remoteRef:
        conversionStrategy: Default
        decodingStrategy: None
        key: mycoolservice
        property: MY_COOL_SECRET_3
